<html>
<body>
<pre>
<h1>µVision Build Log</h1>
<h2>Project:</h2>
C:\Users\DEEKSHITH\Desktop\Study\6th Sem\Arm Lab\LCDF\lcdfirst.uvproj
Project File Date:  05/24/2019

<h2>Output:</h2>
Rebuild target 'Target 1'
assembling startup_LPC17xx.s...
compiling lcdfirst.c...
compiling system_LPC17xx.c...
linking...
Program Size: Code=1268 RO-data=236 RW-data=4 ZI-data=612  
FromELF: creating hex file...
".\lcdfirst.axf" - 0 Error(s), 0 Warning(s).
</pre>
</body>
</html>
I-data=612  
FromELF: creating hex file...
".\lcdfirst.axf" - 0 Error(s), 1 Warning(s).
