<html>
<body>
<pre>
<h1>µVision Build Log</h1>
<h2>Project:</h2>
C:\Users\DEEKSHITH\Desktop\Study\6th Sem\Arm Lab\DAC\dac.uvproj
Project File Date:  05/19/2019

<h2>Output:</h2>
Rebuild target 'Target 1'
assembling startup_LPC17xx.s...
compiling dac.c...
dac.c(98): warning:  #1-D: last line of file ends without a newline
                
dac.c: 1 warning, 0 errors
compiling system_LPC17xx.c...
linking...
Program Size: Code=6004 RO-data=524 RW-data=4 ZI-data=612  
FromELF: creating hex file...
".\dac.axf" - 0 Error(s), 1 Warning(s).

ata=4 ZI-data=612  
FromELF: creating hex file...
".\dac.axf" - 0 Error(s), 2 Warning(s).
