<html>
<body>
<pre>
<h1>µVision Build Log</h1>
<h2>Project:</h2>
C:\Users\DEEKSHITH\Desktop\Study\6th Sem\Arm Lab\Stepper\stepper.uvproj
Project File Date:  05/18/2019

<h2>Output:</h2>
Rebuild target 'Target 1'
assembling startup_LPC17xx.s...
compiling stepper.c...
stepper.c(29): warning:  #1-D: last line of file ends without a newline
  }
stepper.c(12): warning:  #550-D: variable "val" was set but never used
  { int i,val,j,n=5;
stepper.c(13): warning:  #177-D: variable "arr1" was declared but never referenced
        int arr1[]={0x00020000,0x00010000,0x00008000,0x00004000}; //For clockwise direction
stepper.c: 3 warnings, 0 errors
compiling system_LPC17xx.c...
linking...
Program Size: Code=1084 RO-data=312 RW-data=4 ZI-data=612  
FromELF: creating hex file...
".\stepper.axf" - 0 Error(s), 3 Warning(s).
</pre>
</body>
</html>
0000};
stepper.c: 4 warnings, 1 error
compiling system_LPC17xx.c...
".\stepper.axf" - 1 Error(s), 4 Warning(s).
Target not created
