<html>
<body>
<pre>
<h1>µVision Build Log</h1>
<h2>Project:</h2>
C:\Users\DEEKSHITH\Desktop\Study\6th Sem\Arm Lab\TajMahal\t.uvproj
Project File Date:  05/25/2019

<h2>Output:</h2>
Rebuild target 'Target 1'
assembling startup_LPC17xx.s...
compiling dac.c...
dac.c(9): warning:  #951-D: return type of function "main" must be "int"
  void main()
dac.c(47): warning:  #1-D: last line of file ends without a newline
  }
dac.c: 2 warnings, 0 errors
compiling system_LPC17xx.c...
linking...
Program Size: Code=5652 RO-data=524 RW-data=4 ZI-data=612  
FromELF: creating hex file...
".\t.axf" - 0 Error(s), 2 Warning(s).
</pre>
</body>
</html>
