<html>
<body>
<pre>
<h1>µVision Build Log</h1>
<h2>Project:</h2>
C:\Users\DEEKSHITH\Desktop\Study\6th Sem\Arm Lab\UART\uart.uvproj
Project File Date:  05/18/2019

<h2>Output:</h2>
Rebuild target 'Target 1'
assembling startup_LPC17xx.s...
compiling system_LPC17xx.c...
compiling uart.c...
uart.c(71): warning:  #1-D: last line of file ends without a newline
  }*/
uart.c: 1 warning, 0 errors
linking...
Program Size: Code=1192 RO-data=236 RW-data=4 ZI-data=612  
FromELF: creating hex file...
".\uart.axf" - 0 Error(s), 1 Warning(s).
</pre>
</body>
</html>
