<html>
<body>
<pre>
<h1>µVision Build Log</h1>
<h2>Project:</h2>
C:\Users\DEEKSHITH\Desktop\Study\6th Sem\Arm Lab\KyepadLCD\keypadLcd.uvproj
Project File Date:  05/19/2019

<h2>Output:</h2>
Rebuild target 'Target 1'
assembling startup_LPC17xx.s...
compiling kl.c...
compiling system_LPC17xx.c...
linking...
Program Size: Code=1364 RO-data=432 RW-data=4 ZI-data=612  
FromELF: creating hex file...
".\keypadLcd.axf" - 0 Error(s), 0 Warning(s).
</pre>
</body>
</html>
ng int x)
kl.c: 1 warning, 1 error
compiling system_LPC17xx.c...
".\keypadLcd.axf" - 1 Error(s), 1 Warning(s).
Target not created
